// Jest Snapshot v1, https://goo.gl/fbAQLP

exports[`MainView should render component 1`] = `
<div
  className="core-main-view"
>
  <div
    className="content panel panel-primary"
  >
    <div
      className="panel-body"
    >
      <button
        className="capture btn btn-danger"
        disabled={false}
        onClick={[Function]}
        type="button"
      >
        Stop
         Capture
      </button>
      <div
        className="stats"
      >
        <p>
          Disk space: 
          1 kB
           free of 
          2 kB
        </p>
        0
        <p>
          Latest tracefile:Â 
          file
        </p>
        <button
          className="btn btn-default"
          disabled={false}
          onClick={[Function]}
          type="button"
        >
          Show in folder
        </button>
      </div>
    </div>
  </div>
</div>
`;
